18:05:49 **** Build of configuration Debug for project lab_custom_ip ****
make all 
make --no-print-directory pre-build
a9-linaro-pre-build-step
 
make --no-print-directory main-build
Building file: ../src/lab_custom_ip_c1.c
Invoking: ARM v7 gcc compiler
arm-none-eabi-gcc -Wall -O0 -g3 -c -fmessage-length=0 -MT"src/lab_custom_ip_c1.o" -mcpu=cortex-a9 -mfpu=vfpv3 -mfloat-abi=hard -I/scratch/smr3765/labs/Lab3_PWM_Simulation/lab_custom_ip/vitis2/lab_custom_ip_wrapper/export/lab_custom_ip_wrapper/sw/lab_custom_ip_wrapper/standalone_ps7_cortexa9_0/bspinclude/include -MMD -MP -MF"src/lab_custom_ip_c1.d" -MT"src/lab_custom_ip_c1.o" -o "src/lab_custom_ip_c1.o" "../src/lab_custom_ip_c1.c"
Finished building: ../src/lab_custom_ip_c1.c
 
Building target: lab_custom_ip.elf
Invoking: ARM v7 gcc linker
arm-none-eabi-gcc -mcpu=cortex-a9 -mfpu=vfpv3 -mfloat-abi=hard -Wl,-build-id=none -specs=Xilinx.spec -Wl,-T -Wl,../src/lscript.ld -L/scratch/smr3765/labs/Lab3_PWM_Simulation/lab_custom_ip/vitis2/lab_custom_ip_wrapper/export/lab_custom_ip_wrapper/sw/lab_custom_ip_wrapper/standalone_ps7_cortexa9_0/bsplib/lib -o "lab_custom_ip.elf"  ./src/lab_custom_ip_c1.o   -Wl,--start-group,-lxil,-lgcc,-lc,--end-group
Finished building target: lab_custom_ip.elf
 
Invoking: ARM v7 Print Size
arm-none-eabi-size lab_custom_ip.elf  |tee "lab_custom_ip.elf.size"
   text	   data	    bss	    dec	    hex	filename
  29002	   2184	  22632	  53818	   d23a	lab_custom_ip.elf
Finished building: lab_custom_ip.elf.size
 

18:05:53 Build Finished (took 4s.441ms)

