Nothing to build in platform 'ComBlock_wrapper'

18:17:05 **** Incremental Build of configuration Debug for project comblock_test ****
make all 
make --no-print-directory pre-build
a9-linaro-pre-build-step
 
make --no-print-directory main-build
Building file: ../src/comblock.c
Invoking: ARM v7 gcc compiler
arm-none-eabi-gcc -Wall -O0 -g3 -c -fmessage-length=0 -MT"src/comblock.o" -mcpu=cortex-a9 -mfpu=vfpv3 -mfloat-abi=hard -I/scratch/smr3765/labs/lab_ComBlock/Vitis/ComBlock_wrapper/export/ComBlock_wrapper/sw/ComBlock_wrapper/standalone_ps7_cortexa9_0/bspinclude/include -MMD -MP -MF"src/comblock.d" -MT"src/comblock.o" -o "src/comblock.o" "../src/comblock.c"
../src/comblock.c: In function 'main':
../src/comblock.c:73:12: warning: too many arguments for format [-Wformat-extra-args]
   73 |     printf("Writing 0X99 to REG1", REGS_DEPTH-1);
      |            ^~~~~~~~~~~~~~~~~~~~~~
Finished building: ../src/comblock.c
 
Building target: comblock_test.elf
Invoking: ARM v7 gcc linker
arm-none-eabi-gcc -mcpu=cortex-a9 -mfpu=vfpv3 -mfloat-abi=hard -Wl,-build-id=none -specs=Xilinx.spec -Wl,-T -Wl,../src/lscript.ld -L/scratch/smr3765/labs/lab_ComBlock/Vitis/ComBlock_wrapper/export/ComBlock_wrapper/sw/ComBlock_wrapper/standalone_ps7_cortexa9_0/bsplib/lib -o "comblock_test.elf"  ./src/comblock.o ./src/platform.o   -Wl,--start-group,-lxil,-lgcc,-lc,--end-group
Finished building target: comblock_test.elf
 
Invoking: ARM v7 Print Size
arm-none-eabi-size comblock_test.elf  |tee "comblock_test.elf.size"
   text	   data	    bss	    dec	    hex	filename
  51151	   2548	  22776	  76475	  12abb	comblock_test.elf
Finished building: comblock_test.elf.size
 
18:17:12 **** Incremental Build of configuration Debug for project comblock_test_system ****
make all 
Generating bif file for the system project
Executing command '::scw::generate_bif -xpfm /scratch/smr3765/labs/lab_ComBlock/Vitis/ComBlock_wrapper/export/ComBlock_wrapper/ComBlock_wrapper.xpfm -domains standalone_ps7_cortexa9_0 -bifpath /scratch/smr3765/labs/lab_ComBlock/Vitis/comblock_test_system/Debug/system.bif' on XSCT
sdcard_gen --xpfm /scratch/smr3765/labs/lab_ComBlock/Vitis/ComBlock_wrapper/export/ComBlock_wrapper/ComBlock_wrapper.xpfm --sys_config ComBlock_wrapper --bif /scratch/smr3765/labs/lab_ComBlock/Vitis/comblock_test_system/Debug/system.bif --bitstream /scratch/smr3765/labs/lab_ComBlock/Vitis/comblock_test/_ide/bitstream/ComBlock_wrapper.bit --elf /scratch/smr3765/labs/lab_ComBlock/Vitis/comblock_test/Debug/comblock_test.elf,ps7_cortexa9_0
awk: cmd. line:1: warning: command line argument `/etc/upstream-release' is a directory: skipped
creating BOOT.BIN using /scratch/smr3765/labs/lab_ComBlock/Vitis/comblock_test/_ide/bitstream/ComBlock_wrapper.bit
Running /scratch/Xilinx/Vitis/2022.1/bin/bootgen  -image /scratch/smr3765/labs/lab_ComBlock/Vitis/comblock_test_system/Debug/sd_card_temp/boot.bif -w -o i BOOT.BIN
