15:32:26 **** Incremental Build of configuration Debug for project lab_dma_simple_poll ****
make all 
make --no-print-directory pre-build
a9-linaro-pre-build-step
 
make --no-print-directory main-build
Building file: ../src/dma_simple_polling.c
Invoking: ARM v7 gcc compiler
arm-none-eabi-gcc -Wall -O0 -g3 -c -fmessage-length=0 -MT"src/dma_simple_polling.o" -mcpu=cortex-a9 -mfpu=vfpv3 -mfloat-abi=hard -I/scratch/smr3765/labs/lab_dma_simple/Vitis/lab_dma_simple_wrapper/export/lab_dma_simple_wrapper/sw/lab_dma_simple_wrapper/standalone_ps7_cortexa9_0/bspinclude/include -MMD -MP -MF"src/dma_simple_polling.d" -MT"src/dma_simple_polling.o" -o "src/dma_simple_polling.o" "../src/dma_simple_polling.c"
Finished building: ../src/dma_simple_polling.c
 
Building target: lab_dma_simple_poll.elf
Invoking: ARM v7 gcc linker
arm-none-eabi-gcc -mcpu=cortex-a9 -mfpu=vfpv3 -mfloat-abi=hard -Wl,-build-id=none -specs=Xilinx.spec -Wl,-T -Wl,../src/lscript.ld -L/scratch/smr3765/labs/lab_dma_simple/Vitis/lab_dma_simple_wrapper/export/lab_dma_simple_wrapper/sw/lab_dma_simple_wrapper/standalone_ps7_cortexa9_0/bsplib/lib -o "lab_dma_simple_poll.elf"  ./src/dma_simple_polling.o   -Wl,--start-group,-lxil,-lgcc,-lc,--end-group
Finished building target: lab_dma_simple_poll.elf
 
Invoking: ARM v7 Print Size
arm-none-eabi-size lab_dma_simple_poll.elf  |tee "lab_dma_simple_poll.elf.size"
   text	   data	    bss	    dec	    hex	filename
  34740	   2248	  24504	  61492	   f034	lab_dma_simple_poll.elf
Finished building: lab_dma_simple_poll.elf.size
 

15:32:34 Build Finished (took 7s.885ms)

