16:11:23 **** Incremental Build of configuration Debug for project lab_dma_simple_int ****
make all 
make --no-print-directory pre-build
a9-linaro-pre-build-step
 
make --no-print-directory main-build
Building file: ../src/dma_simple_interrupt.c
Invoking: ARM v7 gcc compiler
arm-none-eabi-gcc -Wall -O0 -g3 -c -fmessage-length=0 -MT"src/dma_simple_interrupt.o" -mcpu=cortex-a9 -mfpu=vfpv3 -mfloat-abi=hard -I/scratch/smr3765/labs/lab_dma_simple/Vitis/lab_dma_simple_wrapper_1/export/lab_dma_simple_wrapper_1/sw/lab_dma_simple_wrapper_1/standalone_ps7_cortexa9_0/bspinclude/include -MMD -MP -MF"src/dma_simple_interrupt.d" -MT"src/dma_simple_interrupt.o" -o "src/dma_simple_interrupt.o" "../src/dma_simple_interrupt.c"
Finished building: ../src/dma_simple_interrupt.c
 
Building target: lab_dma_simple_int.elf
Invoking: ARM v7 gcc linker
arm-none-eabi-gcc -mcpu=cortex-a9 -mfpu=vfpv3 -mfloat-abi=hard -Wl,-build-id=none -specs=Xilinx.spec -Wl,-T -Wl,../src/lscript.ld -L/scratch/smr3765/labs/lab_dma_simple/Vitis/lab_dma_simple_wrapper_1/export/lab_dma_simple_wrapper_1/sw/lab_dma_simple_wrapper_1/standalone_ps7_cortexa9_0/bsplib/lib -o "lab_dma_simple_int.elf"  ./src/dma_simple_interrupt.o   -Wl,--start-group,-lxil,-lgcc,-lc,--end-group
Finished building target: lab_dma_simple_int.elf
 
Invoking: ARM v7 Print Size
arm-none-eabi-size lab_dma_simple_int.elf  |tee "lab_dma_simple_int.elf.size"
   text	   data	    bss	    dec	    hex	filename
  40720	   3024	  24552	  68296	  10ac8	lab_dma_simple_int.elf
Finished building: lab_dma_simple_int.elf.size
 

16:11:28 Build Finished (took 5s.133ms)

