

================================================================
== Vitis HLS Report for 'yuv_scale'
================================================================
* Date:           Fri Nov 18 12:24:21 2022

* Version:        2022.1 (Build 3526262 on Mon Apr 18 15:47:01 MDT 2022)
* Project:        yuv_filter
* Solution:       solution2 (Vivado IP Flow Target)
* Product family: zynq
* Target device:  xc7z020-clg484-1


================================================================
== Performance Estimates
================================================================
+ Timing: 
    * Summary: 
    +--------+----------+----------+------------+
    |  Clock |  Target  | Estimated| Uncertainty|
    +--------+----------+----------+------------+
    |ap_clk  |  10.00 ns|  5.509 ns|     2.70 ns|
    +--------+----------+----------+------------+

+ Latency: 
    * Summary: 
    +---------+---------+----------+-----------+--------+---------+---------+
    |  Latency (cycles) |  Latency (absolute)  |     Interval     | Pipeline|
    |   min   |   max   |    min   |    max    |   min  |   max   |   Type  |
    +---------+---------+----------+-----------+--------+---------+---------+
    |   160401|  9834241|  1.604 ms|  98.342 ms|  160401|  9834241|       no|
    +---------+---------+----------+-----------+--------+---------+---------+

    + Detail: 
        * Instance: 
        N/A

        * Loop: 
        +---------------------+---------+---------+------------+-----------+-----------+------------+----------+
        |                     |  Latency (cycles) |  Iteration |  Initiation Interval  |    Trip    |          |
        |      Loop Name      |   min   |   max   |   Latency  |  achieved |   target  |    Count   | Pipelined|
        +---------------------+---------+---------+------------+-----------+-----------+------------+----------+
        |- YUV_SCALE_LOOP_X   |   160400|  9834240|  802 ~ 5122|          -|          -|  200 ~ 1920|        no|
        | + YUV_SCALE_LOOP_Y  |      800|     5120|           4|          -|          -|  200 ~ 1280|        no|
        +---------------------+---------+---------+------------+-----------+-----------+------------+----------+



================================================================
== Utilization Estimates
================================================================
* Summary: 
+-----------------+---------+-----+--------+-------+-----+
|       Name      | BRAM_18K| DSP |   FF   |  LUT  | URAM|
+-----------------+---------+-----+--------+-------+-----+
|DSP              |        -|    -|       -|      -|    -|
|Expression       |        -|    -|       0|    130|    -|
|FIFO             |        -|    -|       -|      -|    -|
|Instance         |        -|    0|       0|    123|    -|
|Memory           |        -|    -|       -|      -|    -|
|Multiplexer      |        -|    -|       -|     55|    -|
|Register         |        -|    -|     178|      -|    -|
+-----------------+---------+-----+--------+-------+-----+
|Total            |        0|    0|     178|    308|    0|
+-----------------+---------+-----+--------+-------+-----+
|Available        |      280|  220|  106400|  53200|    0|
+-----------------+---------+-----+--------+-------+-----+
|Utilization (%)  |        0|    0|      ~0|     ~0|    0|
+-----------------+---------+-----+--------+-------+-----+

+ Detail: 
    * Instance: 
    +------------------------+--------------------+---------+----+---+----+-----+
    |        Instance        |       Module       | BRAM_18K| DSP| FF| LUT| URAM|
    +------------------------+--------------------+---------+----+---+----+-----+
    |mul_8ns_8ns_15_1_1_U28  |mul_8ns_8ns_15_1_1  |        0|   0|  0|  41|    0|
    |mul_8ns_8ns_15_1_1_U29  |mul_8ns_8ns_15_1_1  |        0|   0|  0|  41|    0|
    |mul_8ns_8ns_15_1_1_U30  |mul_8ns_8ns_15_1_1  |        0|   0|  0|  41|    0|
    +------------------------+--------------------+---------+----+---+----+-----+
    |Total                   |                    |        0|   0|  0| 123|    0|
    +------------------------+--------------------+---------+----+---+----+-----+

    * DSP: 
    N/A

    * Memory: 
    N/A

    * FIFO: 
    N/A

    * Expression: 
    +-----------------------+----------+----+---+----+------------+------------+
    |     Variable Name     | Operation| DSP| FF| LUT| Bitwidth P0| Bitwidth P1|
    +-----------------------+----------+----+---+----+------------+------------+
    |add_ln142_1_fu_277_p2  |         +|   0|  0|  29|          22|          22|
    |add_ln142_fu_246_p2    |         +|   0|  0|  29|          22|          22|
    |x_2_fu_224_p2          |         +|   0|  0|  23|          16|           1|
    |y_1_fu_267_p2          |         +|   0|  0|  23|          16|           1|
    |icmp_ln134_fu_219_p2   |      icmp|   0|  0|  13|          16|          16|
    |icmp_ln138_fu_262_p2   |      icmp|   0|  0|  13|          16|          16|
    +-----------------------+----------+----+---+----+------------+------------+
    |Total                  |          |   0|  0| 130|         108|          78|
    +-----------------------+----------+----+---+----+------------+------------+

    * Multiplexer: 
    +-----------+----+-----------+-----+-----------+
    |    Name   | LUT| Input Size| Bits| Total Bits|
    +-----------+----+-----------+-----+-----------+
    |ap_NS_fsm  |  37|          7|    1|          7|
    |x_fu_68    |   9|          2|   16|         32|
    |y_reg_180  |   9|          2|   16|         32|
    +-----------+----+-----------+-----+-----------+
    |Total      |  55|         11|   33|         71|
    +-----------+----+-----------+-----+-----------+

    * Register: 
    +----------------------+----+----+-----+-----------+
    |         Name         | FF | LUT| Bits| Const Bits|
    +----------------------+----+----+-----+-----------+
    |U_reg_429             |   8|   0|    8|          0|
    |V_reg_434             |   8|   0|    8|          0|
    |Y_reg_424             |   8|   0|    8|          0|
    |add_ln142_reg_389     |  14|   0|   22|          8|
    |ap_CS_fsm             |   6|   0|    6|          0|
    |trunc_ln1_reg_444     |   8|   0|    8|          0|
    |trunc_ln2_reg_449     |   8|   0|    8|          0|
    |trunc_ln_reg_439      |   8|   0|    8|          0|
    |x_2_reg_384           |  16|   0|   16|          0|
    |x_fu_68               |  16|   0|   16|          0|
    |y_1_reg_397           |  16|   0|   16|          0|
    |y_reg_180             |  16|   0|   16|          0|
    |zext_ln142_1_reg_402  |  22|   0|   64|         42|
    |zext_ln145_reg_366    |   8|   0|   15|          7|
    |zext_ln146_reg_371    |   8|   0|   15|          7|
    |zext_ln147_reg_376    |   8|   0|   15|          7|
    +----------------------+----+----+-----+-----------+
    |Total                 | 178|   0|  249|         71|
    +----------------------+----+----+-----+-----------+



================================================================
== Interface
================================================================
* Summary: 
+---------------------------+-----+-----+------------+------------------+--------------+
|         RTL Ports         | Dir | Bits|  Protocol  |   Source Object  |    C Type    |
+---------------------------+-----+-----+------------+------------------+--------------+
|ap_clk                     |   in|    1|  ap_ctrl_hs|         yuv_scale|  return value|
|ap_rst                     |   in|    1|  ap_ctrl_hs|         yuv_scale|  return value|
|ap_start                   |   in|    1|  ap_ctrl_hs|         yuv_scale|  return value|
|ap_done                    |  out|    1|  ap_ctrl_hs|         yuv_scale|  return value|
|ap_idle                    |  out|    1|  ap_ctrl_hs|         yuv_scale|  return value|
|ap_ready                   |  out|    1|  ap_ctrl_hs|         yuv_scale|  return value|
|ap_return_0                |  out|   16|  ap_ctrl_hs|         yuv_scale|  return value|
|ap_return_1                |  out|   16|  ap_ctrl_hs|         yuv_scale|  return value|
|in_channels_ch1_address0   |  out|   22|   ap_memory|   in_channels_ch1|         array|
|in_channels_ch1_ce0        |  out|    1|   ap_memory|   in_channels_ch1|         array|
|in_channels_ch1_q0         |   in|    8|   ap_memory|   in_channels_ch1|         array|
|in_channels_ch2_address0   |  out|   22|   ap_memory|   in_channels_ch2|         array|
|in_channels_ch2_ce0        |  out|    1|   ap_memory|   in_channels_ch2|         array|
|in_channels_ch2_q0         |   in|    8|   ap_memory|   in_channels_ch2|         array|
|in_channels_ch3_address0   |  out|   22|   ap_memory|   in_channels_ch3|         array|
|in_channels_ch3_ce0        |  out|    1|   ap_memory|   in_channels_ch3|         array|
|in_channels_ch3_q0         |   in|    8|   ap_memory|   in_channels_ch3|         array|
|in_width_read              |   in|   16|     ap_none|     in_width_read|        scalar|
|in_height_read             |   in|   16|     ap_none|    in_height_read|        scalar|
|out_channels_ch1_address0  |  out|   22|   ap_memory|  out_channels_ch1|         array|
|out_channels_ch1_ce0       |  out|    1|   ap_memory|  out_channels_ch1|         array|
|out_channels_ch1_we0       |  out|    1|   ap_memory|  out_channels_ch1|         array|
|out_channels_ch1_d0        |  out|    8|   ap_memory|  out_channels_ch1|         array|
|out_channels_ch2_address0  |  out|   22|   ap_memory|  out_channels_ch2|         array|
|out_channels_ch2_ce0       |  out|    1|   ap_memory|  out_channels_ch2|         array|
|out_channels_ch2_we0       |  out|    1|   ap_memory|  out_channels_ch2|         array|
|out_channels_ch2_d0        |  out|    8|   ap_memory|  out_channels_ch2|         array|
|out_channels_ch3_address0  |  out|   22|   ap_memory|  out_channels_ch3|         array|
|out_channels_ch3_ce0       |  out|    1|   ap_memory|  out_channels_ch3|         array|
|out_channels_ch3_we0       |  out|    1|   ap_memory|  out_channels_ch3|         array|
|out_channels_ch3_d0        |  out|    8|   ap_memory|  out_channels_ch3|         array|
|Y_scale                    |   in|    8|     ap_none|           Y_scale|        scalar|
|U_scale                    |   in|    8|     ap_none|           U_scale|        scalar|
|V_scale                    |   in|    8|     ap_none|           V_scale|        scalar|
+---------------------------+-----+-----+------------+------------------+--------------+

