Nothing to build in platform 'lab_freeRTOS_1'

14:44:24 **** Incremental Build of configuration Debug for project lab_freeRTOS_echo ****
make all 
make --no-print-directory pre-build
a9-linaro-pre-build-step
 
make --no-print-directory main-build
Building file: ../src/main.c
Invoking: ARM v7 gcc compiler
arm-none-eabi-gcc -Wall -O0 -g3 -c -fmessage-length=0 -MT"src/main.o" -mcpu=cortex-a9 -mfpu=vfpv3 -mfloat-abi=hard -I/scratch/smr3765/labs/lab_freeRTOS/Vitis/lab_freeRTOS_1/export/lab_freeRTOS_1/sw/lab_freeRTOS_1/freertos10_xilinx_ps7_cortexa9_0/bspinclude/include -MMD -MP -MF"src/main.d" -MT"src/main.o" -o "src/main.o" "../src/main.c"
Finished building: ../src/main.c
 
Building target: lab_freeRTOS_echo.elf
Invoking: ARM v7 gcc linker
arm-none-eabi-gcc -mcpu=cortex-a9 -mfpu=vfpv3 -mfloat-abi=hard -Wl,-build-id=none -specs=Xilinx.spec -Wl,-T -Wl,../src/lscript.ld -L/scratch/smr3765/labs/lab_freeRTOS/Vitis/lab_freeRTOS_1/export/lab_freeRTOS_1/sw/lab_freeRTOS_1/freertos10_xilinx_ps7_cortexa9_0/bsplib/lib -o "lab_freeRTOS_echo.elf"  ./src/Ethernet.o ./src/echo.o ./src/main.o ./src/webserver.o   -Wl,--start-group,-lxil,-lfreertos,-lgcc,-lc,--end-group -Wl,--start-group,-lxil,-llwip4,-lgcc,-lc,--end-group
Finished building target: lab_freeRTOS_echo.elf
 
Invoking: ARM v7 Print Size
arm-none-eabi-size lab_freeRTOS_echo.elf  |tee "lab_freeRTOS_echo.elf.size"
   text	   data	    bss	    dec	    hex	filename
 185517	   3416	6412352	6601285	 64ba45	lab_freeRTOS_echo.elf
Finished building: lab_freeRTOS_echo.elf.size
 
14:44:26 **** Incremental Build of configuration Debug for project lab_freeRTOS_echo_system ****
make all 
Generating bif file for the system project
Executing command '::scw::generate_bif -xpfm /scratch/smr3765/labs/lab_freeRTOS/Vitis/lab_freeRTOS_1/export/lab_freeRTOS_1/lab_freeRTOS_1.xpfm -domains freertos10_xilinx_ps7_cortexa9_0 -bifpath /scratch/smr3765/labs/lab_freeRTOS/Vitis/lab_freeRTOS_echo_system/Debug/system.bif' on XSCT
sdcard_gen --xpfm /scratch/smr3765/labs/lab_freeRTOS/Vitis/lab_freeRTOS_1/export/lab_freeRTOS_1/lab_freeRTOS_1.xpfm --sys_config lab_freeRTOS_1 --bif /scratch/smr3765/labs/lab_freeRTOS/Vitis/lab_freeRTOS_echo_system/Debug/system.bif --bitstream /scratch/smr3765/labs/lab_freeRTOS/Vitis/lab_freeRTOS_echo/_ide/bitstream/lab_freeRTOS_wrapper.bit --elf /scratch/smr3765/labs/lab_freeRTOS/Vitis/lab_freeRTOS_echo/Debug/lab_freeRTOS_echo.elf,ps7_cortexa9_0
awk: cmd. line:1: warning: command line argument `/etc/upstream-release' is a directory: skipped
creating BOOT.BIN using /scratch/smr3765/labs/lab_freeRTOS/Vitis/lab_freeRTOS_echo/_ide/bitstream/lab_freeRTOS_wrapper.bit
Running /scratch/Xilinx/Vitis/2022.1/bin/bootgen  -image /scratch/smr3765/labs/lab_freeRTOS/Vitis/lab_freeRTOS_echo_system/Debug/sd_card_temp/boot.bif -w -o i BOOT.BIN
