14:44:24 **** Incremental Build of configuration Debug for project lab_freeRTOS_echo ****
make all 
make --no-print-directory pre-build
a9-linaro-pre-build-step
 
make --no-print-directory main-build
Building file: ../src/main.c
Invoking: ARM v7 gcc compiler
arm-none-eabi-gcc -Wall -O0 -g3 -c -fmessage-length=0 -MT"src/main.o" -mcpu=cortex-a9 -mfpu=vfpv3 -mfloat-abi=hard -I/scratch/smr3765/labs/lab_freeRTOS/Vitis/lab_freeRTOS_1/export/lab_freeRTOS_1/sw/lab_freeRTOS_1/freertos10_xilinx_ps7_cortexa9_0/bspinclude/include -MMD -MP -MF"src/main.d" -MT"src/main.o" -o "src/main.o" "../src/main.c"
Finished building: ../src/main.c
 
Building target: lab_freeRTOS_echo.elf
Invoking: ARM v7 gcc linker
arm-none-eabi-gcc -mcpu=cortex-a9 -mfpu=vfpv3 -mfloat-abi=hard -Wl,-build-id=none -specs=Xilinx.spec -Wl,-T -Wl,../src/lscript.ld -L/scratch/smr3765/labs/lab_freeRTOS/Vitis/lab_freeRTOS_1/export/lab_freeRTOS_1/sw/lab_freeRTOS_1/freertos10_xilinx_ps7_cortexa9_0/bsplib/lib -o "lab_freeRTOS_echo.elf"  ./src/Ethernet.o ./src/echo.o ./src/main.o ./src/webserver.o   -Wl,--start-group,-lxil,-lfreertos,-lgcc,-lc,--end-group -Wl,--start-group,-lxil,-llwip4,-lgcc,-lc,--end-group
Finished building target: lab_freeRTOS_echo.elf
 
Invoking: ARM v7 Print Size
arm-none-eabi-size lab_freeRTOS_echo.elf  |tee "lab_freeRTOS_echo.elf.size"
   text	   data	    bss	    dec	    hex	filename
 185517	   3416	6412352	6601285	 64ba45	lab_freeRTOS_echo.elf
Finished building: lab_freeRTOS_echo.elf.size
 

14:44:25 Build Finished (took 516ms)

